
> public-marketplace@1.0.0 build
> vite build

[36mvite v5.4.21 [32mbuilding for production...[36m[39m
transforming...
[32mΓ£ô[39m 1678 modules transformed.
rendering chunks...
computing gzip size...
[2mdist/[22m[32mindex.html                 [39m[1m[2m  0.85 kB[22m[1m[22m[2m Γöé gzip:   0.41 kB[22m
[2mdist/[22m[35massets/index-C1Y5B5j0.css  [39m[1m[2m 54.22 kB[22m[1m[22m[2m Γöé gzip:   9.37 kB[22m
[2mdist/[22m[36massets/index-umLDS7Bb.js   [39m[1m[2m468.19 kB[22m[1m[22m[2m Γöé gzip: 131.44 kB[22m[2m Γöé map: 1,865.80 kB[22m
[32mΓ£ô built in 11.86s[39m
